// Vitest Snapshot v1, https://vitest.dev/guide/snapshot.html

exports[`pathToRibbon baseline snapshot > baku: sample count and spacing metrics match baseline 1`] = `
{
  "count": 2149,
  "maxSpacing": 3.9526,
  "meanSpacing": 2.7918,
  "minSpacing": 0.3508,
}
`;

exports[`pathToRibbon baseline snapshot > cota: sample count and spacing metrics match baseline 1`] = `
{
  "count": 2038,
  "maxSpacing": 3.9992,
  "meanSpacing": 2.6957,
  "minSpacing": 1.0171,
}
`;

exports[`pathToRibbon baseline snapshot > interlagos: sample count and spacing metrics match baseline 1`] = `
{
  "count": 1531,
  "maxSpacing": 3.9821,
  "meanSpacing": 2.8011,
  "minSpacing": 0.821,
}
`;

exports[`pathToRibbon baseline snapshot > monaco: sample count and spacing metrics match baseline 1`] = `
{
  "count": 1279,
  "maxSpacing": 3.9841,
  "meanSpacing": 2.5894,
  "minSpacing": 0.4029,
}
`;

exports[`pathToRibbon baseline snapshot > singapore: sample count and spacing metrics match baseline 1`] = `
{
  "count": 1768,
  "maxSpacing": 3.9648,
  "meanSpacing": 2.8167,
  "minSpacing": 0.3895,
}
`;
