// Bun Snapshot v1, https://bun.sh/docs/test/snapshots

exports[`pathToRibbon baseline snapshot monaco: sample count and spacing metrics match baseline 1`] = `
{
  "count": 3456,
  "maxSpacing": 1.049,
  "meanSpacing": 0.9583,
  "minSpacing": 0.7529,
}
`;

exports[`pathToRibbon baseline snapshot baku: sample count and spacing metrics match baseline 1`] = `
{
  "count": 6228,
  "maxSpacing": 1.194,
  "meanSpacing": 0.9634,
  "minSpacing": 0.7086,
}
`;

exports[`pathToRibbon baseline snapshot singapore: sample count and spacing metrics match baseline 1`] = `
{
  "count": 5185,
  "maxSpacing": 1.2159,
  "meanSpacing": 0.9606,
  "minSpacing": 0.5705,
}
`;

exports[`pathToRibbon baseline snapshot cota: sample count and spacing metrics match baseline 1`] = `
{
  "count": 5728,
  "maxSpacing": 1.0013,
  "meanSpacing": 0.9594,
  "minSpacing": 0.7507,
}
`;

exports[`pathToRibbon baseline snapshot interlagos: sample count and spacing metrics match baseline 1`] = `
{
  "count": 4470,
  "maxSpacing": 1.001,
  "meanSpacing": 0.9594,
  "minSpacing": 0.7824,
}
`;
